Add your message links from the point you wish to start from or leave it blank.
https://t.me/team_mew/8275
2026-08-13 15:04:02,324 [main] WARNING: Task queue depth is 1
2026-08-14 09:00:06,883 [main] WARNING: Task queue depth is 1
2026-08-14 11:42:50,285 [main] WARNING: Task queue depth is 1
2026-08-14 23:20:26,660 [worker-0] ERROR: Error scraping Telegram: HTTPSConnectionPool(host='t.me', port=443): Read timed out. (read timeout=10)
2026-08-14 23:20:37,992 [main] WARNING: Task queue depth is 1
2026-08-14 23:20:39,066 [worker-0] ERROR: Error scraping Telegram: HTTPSConnectionPool(host='t.me', port=443): Read timed out. (read timeout=10)
2026-08-15 03:01:45,756 [main] WARNING: Task queue depth is 1
2026-08-15 07:33:56,863 [main] WARNING: Task queue depth is 1
2026-08-15 14:32:40,761 [main] WARNING: Task queue depth is 1
2026-08-15 14:32:45,167 [main] WARNING: Task queue depth is 2
2026-08-15 14:32:55,158 [main] WARNING: Task queue depth is 3
2026-08-15 16:38:47,801 [main] WARNING: Task queue depth is 1
2026-08-15 18:40:17,846 [main] WARNING: Task queue depth is 1
2026-08-15 20:38:47,805 [main] WARNING: Task queue depth is 1
2026-08-16 11:37:12,541 [main] WARNING: Task queue depth is 1
2026-08-16 11:52:27,624 [main] WARNING: Task queue depth is 1
2026-08-16 11:52:32,454 [main] WARNING: Task queue depth is 2
2026-08-16 11:52:32,665 [main] WARNING: Task queue depth is 3
2026-08-16 11:54:27,603 [worker-0] ERROR: Error scraping Telegram: HTTPSConnectionPool(host='t.me', port=443): Read timed out. (read timeout=10)
2026-08-16 15:02:18,282 [main] WARNING: Task queue depth is 1
2026-08-16 15:32:09,249 [main] WARNING: Task queue depth is 1
2026-08-16 16:17:39,289 [main] WARNING: Task queue depth is 1
2026-08-16 16:37:49,519 [main] WARNING: Task queue depth is 1
2026-08-17 04:48:25,464 [main] WARNING: Task queue depth is 1
2026-08-17 04:59:40,550 [main] WARNING: Task queue depth is 1
2026-08-17 05:01:38,734 [worker-0] ERROR: Error scraping Telegram: HTTPSConnectionPool(host='t.me', port=443): Read timed out. (read timeout=10)
2026-08-17 10:54:24,385 [main] WARNING: Task queue depth is 1
2026-08-17 13:52:08,615 [main] WARNING: Task queue depth is 1
2026-08-17 17:02:25,890 [main] WARNING: Task queue depth is 1
2026-08-17 17:27:55,889 [main] WARNING: Task queue depth is 1
2026-08-17 22:14:02,088 [main] WARNING: Task queue depth is 1
2026-08-18 10:02:46,278 [main] WARNING: Task queue depth is 1
2026-08-18 10:02:46,742 [main] WARNING: Task queue depth is 1
2026-08-18 14:18:15,271 [main] WARNING: Task queue depth is 1
2026-08-18 14:18:16,361 [main] WARNING: Task queue depth is 2
2026-08-18 14:23:15,270 [main] WARNING: Task queue depth is 1
2026-08-18 14:23:16,322 [main] WARNING: Task queue depth is 2
2026-08-18 14:38:21,321 [main] WARNING: Task queue depth is 1
2026-08-18 14:38:26,362 [main] WARNING: Task queue depth is 2
2026-08-18 16:02:21,192 [main] WARNING: Task queue depth is 1
2026-08-19 13:47:44,233 [main] WARNING: Task queue depth is 1
2026-08-19 14:21:34,233 [main] WARNING: Task queue depth is 1
2026-08-19 15:03:48,671 [main] WARNING: Task queue depth is 1
2026-08-19 15:12:28,636 [main] WARNING: Task queue depth is 1
2026-08-19 15:23:48,458 [main] WARNING: Task queue depth is 1
2026-08-19 15:37:59,119 [main] WARNING: Task queue depth is 1
2026-08-19 16:03:28,636 [main] WARNING: Task queue depth is 1
2026-08-19 16:28:58,636 [main] WARNING: Task queue depth is 1
2026-08-19 17:13:59,235 [main] WARNING: Task queue depth is 1
2026-08-19 19:46:29,296 [main] WARNING: Task queue depth is 1
2026-08-19 20:25:05,847 [worker-0] ERROR: Error scraping Telegram: HTTPSConnectionPool(host='t.me', port=443): Read timed out. (read timeout=10)
2026-08-19 20:26:28,635 [main] WARNING: Task queue depth is 1
2026-08-19 20:26:33,458 [main] WARNING: Task queue depth is 2
2026-08-19 20:47:28,933 [main] WARNING: Task queue depth is 1
2026-08-19 21:34:53,820 [main] WARNING: Task queue depth is 1
2026-08-19 21:39:58,302 [main] WARNING: Task queue depth is 1
2026-08-19 21:40:03,344 [main] WARNING: Task queue depth is 2
2026-08-19 21:44:58,302 [main] WARNING: Task queue depth is 1
2026-08-19 22:08:53,957 [main] WARNING: Task queue depth is 1
2026-08-20 00:05:54,258 [main] WARNING: Task queue depth is 1
2026-08-20 00:18:23,951 [main] WARNING: Task queue depth is 1
2026-08-20 00:43:53,875 [main] WARNING: Task queue depth is 1
2026-08-20 01:09:24,117 [main] WARNING: Task queue depth is 1
2026-08-20 02:00:23,819 [main] WARNING: Task queue depth is 1
2026-08-20 02:25:53,820 [main] WARNING: Task queue depth is 1
2026-08-20 02:51:23,819 [main] WARNING: Task queue depth is 1
2026-08-20 06:45:24,897 [main] WARNING: Task queue depth is 1
2026-08-20 16:47:43,924 [main] WARNING: Task queue depth is 1
2026-08-20 20:32:13,284 [main] WARNING: Task queue depth is 1
2026-08-20 23:26:17,752 [main] WARNING: Task queue depth is 1
2026-08-21 03:06:00,979 [main] WARNING: Task queue depth is 1
2026-08-21 03:50:40,909 [main] WARNING: Task queue depth is 1
2026-08-21 07:24:40,910 [main] WARNING: Task queue depth is 1
2026-08-21 08:51:10,910 [main] WARNING: Task queue depth is 1
2026-08-24 06:16:11,068 [main] WARNING: Task queue depth is 1
2026-08-24 11:14:12,105 [main] WARNING: Task queue depth is 1
2026-08-24 11:14:15,098 [worker-0] ERROR: Discord HTTP Exception: 400 Bad Request (error code: 50035): Invalid Form Body
2026-08-24 11:14:15,100 [worker-0] ERROR: Error preparing or sending message to Discord: name 'log_message' is not defined
2026-08-24 18:28:24,458 [main] WARNING: Task queue depth is 1
2026-08-24 18:28:29,500 [main] WARNING: Task queue depth is 2
2026-08-24 18:28:32,264 [main] WARNING: Task queue depth is 3
2026-08-24 18:28:34,541 [main] WARNING: Task queue depth is 4
2026-08-24 18:33:32,125 [main] WARNING: Task queue depth is 1
2026-08-24 18:33:37,166 [main] WARNING: Task queue depth is 2
2026-08-24 18:38:35,720 [main] WARNING: Task queue depth is 1
2026-08-24 18:38:40,765 [main] WARNING: Task queue depth is 2
2026-08-24 18:38:48,411 [main] WARNING: Task queue depth is 1
2026-08-24 19:27:48,534 [main] WARNING: Task queue depth is 1
2026-08-24 19:34:48,408 [main] WARNING: Task queue depth is 1
2026-08-24 20:00:19,194 [main] WARNING: Task queue depth is 1
2026-08-24 20:25:48,409 [main] WARNING: Task queue depth is 1
2026-08-24 20:51:18,409 [main] WARNING: Task queue depth is 1
2026-08-24 21:04:21,615 [main] WARNING: Task queue depth is 1
2026-08-25 04:25:06,117 [main] WARNING: Task queue depth is 1
2026-08-25 22:36:36,246 [main] WARNING: Task queue depth is 1
2026-08-26 03:04:17,726 [main] WARNING: Task queue depth is 1
2026-08-26 07:31:38,642 [main] WARNING: Task queue depth is 1
2026-08-27 23:52:17,737 [main] WARNING: Task queue depth is 1
2026-08-28 23:15:19,502 [main] WARNING: Task queue depth is 1
2026-08-30 00:46:45,941 [main] WARNING: Task queue depth is 1
2026-08-30 00:56:16,366 [main] WARNING: Task queue depth is 1
2026-08-30 01:32:45,824 [main] WARNING: Task queue depth is 1
2026-08-30 01:58:16,513 [main] WARNING: Task queue depth is 1
2026-08-30 02:23:45,824 [main] WARNING: Task queue depth is 1
2026-08-30 02:49:15,824 [main] WARNING: Task queue depth is 1
2026-08-31 11:07:23,249 [main] WARNING: Task queue depth is 1
2026-08-31 17:01:27,954 [main] WARNING: Task queue depth is 1
2026-08-31 17:01:37,954 [main] WARNING: Task queue depth is 2
2026-08-31 17:01:47,954 [main] WARNING: Task queue depth is 3
2026-08-31 17:01:57,955 [main] WARNING: Task queue depth is 4
2026-08-31 17:02:07,954 [main] WARNING: Task queue depth is 5
2026-09-01 06:33:11,621 [main] WARNING: Task queue depth is 1
2026-09-02 03:02:00,418 [main] WARNING: Task queue depth is 1
2026-09-02 13:50:17,761 [main] WARNING: Task queue depth is 1
2026-09-03 19:26:53,447 [main] WARNING: Task queue depth is 1
2026-09-03 19:52:23,488 [main] WARNING: Task queue depth is 1
2026-09-03 20:17:53,446 [main] WARNING: Task queue depth is 1
2026-09-04 23:23:23,083 [main] WARNING: Task queue depth is 1
2026-09-05 10:49:24,074 [main] WARNING: Task queue depth is 1
2026-09-05 16:16:26,452 [main] WARNING: Task queue depth is 1
2026-09-05 16:41:56,451 [main] WARNING: Task queue depth is 1
2026-09-05 17:58:26,451 [main] WARNING: Task queue depth is 1
2026-09-05 18:43:53,711 [main] WARNING: Server closed the connection: [Errno 104] Connection reset by peer
2026-09-05 18:45:53,832 [main] WARNING: Server closed the connection: [Errno 104] Connection reset by peer
2026-09-06 05:00:35,629 [main] WARNING: Task queue depth is 1
2026-09-06 07:28:05,629 [main] WARNING: Task queue depth is 1
2026-09-06 08:29:06,260 [main] WARNING: Task queue depth is 1
2026-09-06 10:09:21,507 [main] INFO: Disgram.log cleared successfully (soft clean)
2026-09-06 10:12:45,460 [main] INFO: Spawning worker 0 for channels: team_mew
2026-09-06 10:12:48,965 [worker-0] INFO: Scraping messages from Telegram channel: team_mew (Attempt 1)
2026-09-06 10:12:51,556 [main] INFO: Completed full cycle. Sleeping for 300 seconds.
2026-09-06 10:17:51,556 [main] INFO: Spawning worker 0 for channels: team_mew
2026-09-06 10:17:54,561 [worker-0] INFO: Scraping messages from Telegram channel: team_mew (Attempt 1)
2026-09-06 10:17:57,361 [main] INFO: Completed full cycle. Sleeping for 300 seconds.
2026-09-06 10:22:57,362 [main] INFO: Spawning worker 0 for channels: team_mew
2026-09-06 10:23:00,468 [worker-0] INFO: Scraping messages from Telegram channel: team_mew (Attempt 1)
2026-09-06 10:23:02,756 [main] INFO: Completed full cycle. Sleeping for 300 seconds.
2026-09-06 10:28:02,757 [main] INFO: Spawning worker 0 for channels: team_mew
2026-09-06 10:28:05,862 [worker-0] INFO: Scraping messages from Telegram channel: team_mew (Attempt 1)
2026-09-06 10:28:07,966 [main] INFO: Completed full cycle. Sleeping for 300 seconds.
2026-09-06 10:33:07,967 [main] INFO: Spawning worker 0 for channels: team_mew
2026-09-06 10:33:10,962 [worker-0] INFO: Scraping messages from Telegram channel: team_mew (Attempt 1)
2026-09-06 10:33:13,361 [main] INFO: Completed full cycle. Sleeping for 300 seconds.
2026-09-06 10:38:13,361 [main] INFO: Spawning worker 0 for channels: team_mew
2026-09-06 10:38:16,261 [worker-0] INFO: Scraping messages from Telegram channel: team_mew (Attempt 1)
2026-09-06 10:38:18,757 [main] INFO: Completed full cycle. Sleeping for 300 seconds.
2026-09-06 10:43:18,758 [main] INFO: Spawning worker 0 for channels: team_mew
2026-09-06 10:43:21,568 [worker-0] INFO: Scraping messages from Telegram channel: team_mew (Attempt 1)
2026-09-06 10:43:24,258 [main] INFO: Completed full cycle. Sleeping for 300 seconds.
2026-09-06 10:48:24,260 [main] INFO: Spawning worker 0 for channels: team_mew
2026-09-06 10:48:27,263 [worker-0] INFO: Scraping messages from Telegram channel: team_mew (Attempt 1)
2026-09-06 10:48:29,565 [main] INFO: Completed full cycle. Sleeping for 300 seconds.
2026-09-06 10:53:29,566 [main] INFO: Spawning worker 0 for channels: team_mew
2026-09-06 10:53:32,865 [worker-0] INFO: Scraping messages from Telegram channel: team_mew (Attempt 1)
2026-09-06 10:53:35,373 [main] INFO: Completed full cycle. Sleeping for 300 seconds.
2026-09-06 10:58:35,374 [main] INFO: Spawning worker 0 for channels: team_mew
2026-09-06 10:58:38,658 [worker-0] INFO: Scraping messages from Telegram channel: team_mew (Attempt 1)
2026-09-06 10:58:40,768 [main] INFO: Completed full cycle. Sleeping for 300 seconds.
2026-09-06 11:03:40,769 [main] INFO: Spawning worker 0 for channels: team_mew
2026-09-06 11:03:43,557 [worker-0] INFO: Scraping messages from Telegram channel: team_mew (Attempt 1)
2026-09-06 11:03:45,854 [main] INFO: Completed full cycle. Sleeping for 300 seconds.
2026-09-06 11:08:45,855 [main] INFO: Spawning worker 0 for channels: team_mew
2026-09-06 11:08:48,767 [worker-0] INFO: Scraping messages from Telegram channel: team_mew (Attempt 1)
2026-09-06 11:08:51,265 [main] INFO: Completed full cycle. Sleeping for 300 seconds.
2026-09-06 11:13:51,266 [main] INFO: Spawning worker 0 for channels: team_mew
2026-09-06 11:13:54,460 [worker-0] INFO: Scraping messages from Telegram channel: team_mew (Attempt 1)
2026-09-06 11:13:56,660 [main] INFO: Completed full cycle. Sleeping for 300 seconds.
2026-09-06 11:18:56,660 [main] INFO: Spawning worker 0 for channels: team_mew
2026-09-06 11:18:59,565 [worker-0] INFO: Scraping messages from Telegram channel: team_mew (Attempt 1)
2026-09-06 11:19:02,067 [main] INFO: Completed full cycle. Sleeping for 300 seconds.
2026-09-06 11:24:02,155 [main] INFO: Spawning worker 0 for channels: team_mew
2026-09-06 11:24:05,065 [worker-0] INFO: Scraping messages from Telegram channel: team_mew (Attempt 1)
2026-09-06 11:24:07,662 [main] INFO: Completed full cycle. Sleeping for 300 seconds.
2026-09-06 11:29:07,663 [main] INFO: Spawning worker 0 for channels: team_mew
2026-09-06 11:29:11,065 [worker-0] INFO: Scraping messages from Telegram channel: team_mew (Attempt 1)
2026-09-06 11:29:13,456 [main] INFO: Completed full cycle. Sleeping for 300 seconds.
2026-09-06 11:34:13,457 [main] INFO: Spawning worker 0 for channels: team_mew
2026-09-06 11:34:16,767 [worker-0] INFO: Scraping messages from Telegram channel: team_mew (Attempt 1)
2026-09-06 11:34:19,264 [main] INFO: Completed full cycle. Sleeping for 300 seconds.
2026-09-06 11:39:19,265 [main] INFO: Spawning worker 0 for channels: team_mew
2026-09-06 11:39:22,675 [worker-0] INFO: Scraping messages from Telegram channel: team_mew (Attempt 1)
2026-09-06 11:39:25,463 [main] INFO: Completed full cycle. Sleeping for 300 seconds.
2026-09-06 11:44:25,464 [main] INFO: Spawning worker 0 for channels: team_mew
2026-09-06 11:44:28,759 [worker-0] INFO: Scraping messages from Telegram channel: team_mew (Attempt 1)
2026-09-06 11:44:31,263 [main] INFO: Completed full cycle. Sleeping for 300 seconds.
2026-09-06 11:49:31,263 [main] INFO: Spawning worker 0 for channels: team_mew
2026-09-06 11:49:34,257 [worker-0] INFO: Scraping messages from Telegram channel: team_mew (Attempt 1)
2026-09-06 11:49:37,060 [main] INFO: Completed full cycle. Sleeping for 300 seconds.
2026-09-06 11:54:37,061 [main] INFO: Spawning worker 0 for channels: team_mew
2026-09-06 11:54:39,862 [worker-0] INFO: Scraping messages from Telegram channel: team_mew (Attempt 1)
2026-09-06 11:54:42,756 [main] INFO: Completed full cycle. Sleeping for 300 seconds.
2026-09-06 11:59:42,757 [main] INFO: Spawning worker 0 for channels: team_mew
2026-09-06 11:59:45,667 [worker-0] INFO: Scraping messages from Telegram channel: team_mew (Attempt 1)
2026-09-06 11:59:47,862 [main] INFO: Completed full cycle. Sleeping for 300 seconds.
2026-09-06 12:04:47,863 [main] INFO: Spawning worker 0 for channels: team_mew
2026-09-06 12:04:50,865 [worker-0] INFO: Scraping messages from Telegram channel: team_mew (Attempt 1)
2026-09-06 12:04:53,362 [main] INFO: Completed full cycle. Sleeping for 300 seconds.
2026-09-06 12:09:53,363 [main] INFO: Spawning worker 0 for channels: team_mew
2026-09-06 12:09:56,268 [worker-0] INFO: Scraping messages from Telegram channel: team_mew (Attempt 1)
2026-09-06 12:09:58,457 [main] INFO: Completed full cycle. Sleeping for 300 seconds.
2026-09-06 12:14:58,457 [main] INFO: Spawning worker 0 for channels: team_mew
2026-09-06 12:15:01,568 [worker-0] INFO: Scraping messages from Telegram channel: team_mew (Attempt 1)
2026-09-06 12:15:04,555 [main] INFO: Completed full cycle. Sleeping for 300 seconds.
2026-09-06 12:20:04,555 [main] INFO: Spawning worker 0 for channels: team_mew
2026-09-06 12:20:07,665 [worker-0] INFO: Scraping messages from Telegram channel: team_mew (Attempt 1)
2026-09-06 12:20:10,165 [main] INFO: Completed full cycle. Sleeping for 300 seconds.
2026-09-06 12:22:45,549 [main] INFO: Got difference for channel 1695568528 updates
2026-09-06 12:25:10,165 [main] INFO: Spawning worker 0 for channels: team_mew
2026-09-06 12:25:13,071 [worker-0] INFO: Scraping messages from Telegram channel: team_mew (Attempt 1)
2026-09-06 12:25:16,266 [main] INFO: Completed full cycle. Sleeping for 300 seconds.
2026-09-06 12:30:16,267 [main] INFO: Spawning worker 0 for channels: team_mew
2026-09-06 12:30:19,374 [worker-0] INFO: Scraping messages from Telegram channel: team_mew (Attempt 1)
2026-09-06 12:30:22,562 [main] INFO: Completed full cycle. Sleeping for 300 seconds.
2026-09-06 12:35:22,563 [main] INFO: Spawning worker 0 for channels: team_mew
2026-09-06 12:35:25,564 [worker-0] INFO: Scraping messages from Telegram channel: team_mew (Attempt 1)
2026-09-06 12:35:28,068 [main] INFO: Completed full cycle. Sleeping for 300 seconds.
2026-09-06 12:37:45,637 [main] INFO: Got difference for channel 2405953050 updates
2026-09-06 12:40:28,068 [main] INFO: Spawning worker 0 for channels: team_mew
2026-09-06 12:40:31,261 [worker-0] INFO: Scraping messages from Telegram channel: team_mew (Attempt 1)
2026-09-06 12:40:33,768 [main] INFO: Completed full cycle. Sleeping for 300 seconds.
2026-09-06 12:45:33,768 [main] INFO: Spawning worker 0 for channels: team_mew
2026-09-06 12:45:37,163 [worker-0] INFO: Scraping messages from Telegram channel: team_mew (Attempt 1)
2026-09-06 12:45:40,063 [main] INFO: Completed full cycle. Sleeping for 300 seconds.
2026-09-06 12:50:40,064 [main] INFO: Spawning worker 0 for channels: team_mew
2026-09-06 12:50:43,156 [worker-0] INFO: Scraping messages from Telegram channel: team_mew (Attempt 1)
2026-09-06 12:50:45,457 [main] INFO: Completed full cycle. Sleeping for 300 seconds.
2026-09-06 12:52:45,699 [main] INFO: Got difference for channel 1695568528 updates
2026-09-06 12:55:45,458 [main] INFO: Spawning worker 0 for channels: team_mew
2026-09-06 12:55:48,458 [worker-0] INFO: Scraping messages from Telegram channel: team_mew (Attempt 1)
2026-09-06 12:55:50,758 [main] INFO: Completed full cycle. Sleeping for 300 seconds.
2026-09-06 13:00:50,761 [main] INFO: Spawning worker 0 for channels: team_mew
2026-09-06 13:00:54,055 [worker-0] INFO: Scraping messages from Telegram channel: team_mew (Attempt 1)
2026-09-06 13:00:56,465 [main] INFO: Completed full cycle. Sleeping for 300 seconds.
2026-09-06 13:05:56,465 [main] INFO: Spawning worker 0 for channels: team_mew
2026-09-06 13:05:59,464 [worker-0] INFO: Scraping messages from Telegram channel: team_mew (Attempt 1)
2026-09-06 13:06:02,064 [main] INFO: Completed full cycle. Sleeping for 300 seconds.
2026-09-06 13:07:45,791 [main] INFO: Got difference for channel 2405953050 updates
2026-09-06 13:11:02,065 [main] INFO: Spawning worker 0 for channels: team_mew
2026-09-06 13:11:04,961 [worker-0] INFO: Scraping messages from Telegram channel: team_mew (Attempt 1)
2026-09-06 13:11:07,559 [main] INFO: Completed full cycle. Sleeping for 300 seconds.
2026-09-06 13:16:07,560 [main] INFO: Spawning worker 0 for channels: team_mew
2026-09-06 13:16:10,567 [worker-0] INFO: Scraping messages from Telegram channel: team_mew (Attempt 1)
2026-09-06 13:16:13,065 [main] INFO: Completed full cycle. Sleeping for 300 seconds.
2026-09-06 13:21:13,066 [main] INFO: Spawning worker 0 for channels: team_mew
2026-09-06 13:21:16,056 [worker-0] INFO: Scraping messages from Telegram channel: team_mew (Attempt 1)
2026-09-06 13:21:18,364 [main] INFO: Completed full cycle. Sleeping for 300 seconds.
2026-09-06 13:26:18,366 [main] INFO: Spawning worker 0 for channels: team_mew
2026-09-06 13:26:21,459 [worker-0] INFO: Scraping messages from Telegram channel: team_mew (Attempt 1)
2026-09-06 13:26:24,066 [main] INFO: Completed full cycle. Sleeping for 300 seconds.
2026-09-06 13:31:24,067 [main] INFO: Spawning worker 0 for channels: team_mew
2026-09-06 13:31:27,468 [worker-0] INFO: Scraping messages from Telegram channel: team_mew (Attempt 1)
2026-09-06 13:31:30,161 [main] INFO: Completed full cycle. Sleeping for 300 seconds.
2026-09-06 13:36:30,162 [main] INFO: Spawning worker 0 for channels: team_mew
2026-09-06 13:36:33,155 [worker-0] INFO: Scraping messages from Telegram channel: team_mew (Attempt 1)
2026-09-06 13:36:35,255 [main] INFO: Completed full cycle. Sleeping for 300 seconds.
2026-09-06 13:36:56,050 [main] INFO: Got difference for channel 1695568528 updates
2026-09-06 13:41:35,256 [main] INFO: Spawning worker 0 for channels: team_mew
2026-09-06 13:41:38,356 [worker-0] INFO: Scraping messages from Telegram channel: team_mew (Attempt 1)
2026-09-06 13:41:40,566 [main] INFO: Completed full cycle. Sleeping for 300 seconds.
2026-09-06 13:46:40,567 [main] INFO: Spawning worker 0 for channels: team_mew
2026-09-06 13:46:43,468 [worker-0] INFO: Scraping messages from Telegram channel: team_mew (Attempt 1)
2026-09-06 13:46:46,358 [main] INFO: Completed full cycle. Sleeping for 300 seconds.
2026-09-06 13:51:46,359 [main] INFO: Spawning worker 0 for channels: team_mew
2026-09-06 13:51:49,256 [worker-0] INFO: Scraping messages from Telegram channel: team_mew (Attempt 1)
2026-09-06 13:51:52,164 [main] INFO: Completed full cycle. Sleeping for 300 seconds.
2026-09-06 13:52:45,999 [main] INFO: Got difference for channel 1695568528 updates
2026-09-06 13:56:52,165 [main] INFO: Spawning worker 0 for channels: team_mew
2026-09-06 13:56:55,363 [worker-0] INFO: Scraping messages from Telegram channel: team_mew (Attempt 1)
2026-09-06 13:56:58,059 [main] INFO: Completed full cycle. Sleeping for 300 seconds.
2026-09-06 14:01:58,060 [main] INFO: Spawning worker 0 for channels: team_mew
2026-09-06 14:02:01,261 [worker-0] INFO: Scraping messages from Telegram channel: team_mew (Attempt 1)
2026-09-06 14:02:04,054 [main] INFO: Completed full cycle. Sleeping for 300 seconds.
2026-09-06 14:07:04,055 [main] INFO: Spawning worker 0 for channels: team_mew
2026-09-06 14:07:07,268 [worker-0] INFO: Scraping messages from Telegram channel: team_mew (Attempt 1)
2026-09-06 14:07:10,159 [main] INFO: Completed full cycle. Sleeping for 300 seconds.
2026-09-06 14:12:10,160 [main] INFO: Spawning worker 0 for channels: team_mew
2026-09-06 14:12:13,060 [worker-0] INFO: Scraping messages from Telegram channel: team_mew (Attempt 1)
2026-09-06 14:12:16,862 [main] INFO: Completed full cycle. Sleeping for 300 seconds.
2026-09-06 14:17:16,863 [main] INFO: Spawning worker 0 for channels: team_mew
2026-09-06 14:17:20,066 [worker-0] INFO: Scraping messages from Telegram channel: team_mew (Attempt 1)
2026-09-06 14:17:22,661 [main] INFO: Completed full cycle. Sleeping for 300 seconds.
2026-09-06 14:22:22,662 [main] INFO: Spawning worker 0 for channels: team_mew
2026-09-06 14:22:25,760 [worker-0] INFO: Scraping messages from Telegram channel: team_mew (Attempt 1)
2026-09-06 14:22:28,168 [main] INFO: Completed full cycle. Sleeping for 300 seconds.
2026-09-06 14:27:28,170 [main] INFO: Spawning worker 0 for channels: team_mew
2026-09-06 14:27:31,455 [worker-0] INFO: Scraping messages from Telegram channel: team_mew (Attempt 1)
2026-09-06 14:27:33,855 [main] INFO: Completed full cycle. Sleeping for 300 seconds.
2026-09-06 14:32:33,856 [main] INFO: Spawning worker 0 for channels: team_mew
2026-09-06 14:32:37,270 [worker-0] INFO: Scraping messages from Telegram channel: team_mew (Attempt 1)
2026-09-06 14:32:39,361 [main] INFO: Completed full cycle. Sleeping for 300 seconds.
2026-09-06 14:37:39,362 [main] INFO: Spawning worker 0 for channels: team_mew
2026-09-06 14:37:42,458 [worker-0] INFO: Scraping messages from Telegram channel: team_mew (Attempt 1)
2026-09-06 14:37:44,761 [main] INFO: Completed full cycle. Sleeping for 300 seconds.
2026-09-06 14:42:44,762 [main] INFO: Spawning worker 0 for channels: team_mew
2026-09-06 14:42:47,957 [worker-0] INFO: Scraping messages from Telegram channel: team_mew (Attempt 1)
2026-09-06 14:42:50,267 [main] INFO: Completed full cycle. Sleeping for 300 seconds.
2026-09-06 14:47:50,267 [main] INFO: Spawning worker 0 for channels: team_mew
2026-09-06 14:47:53,766 [worker-0] INFO: Scraping messages from Telegram channel: team_mew (Attempt 1)
2026-09-06 14:47:56,358 [main] INFO: Completed full cycle. Sleeping for 300 seconds.
2026-09-06 14:52:56,359 [main] INFO: Spawning worker 0 for channels: team_mew
2026-09-06 14:52:59,761 [worker-0] INFO: Scraping messages from Telegram channel: team_mew (Attempt 1)
2026-09-06 14:53:02,456 [main] INFO: Completed full cycle. Sleeping for 300 seconds.
2026-09-06 14:58:02,456 [main] INFO: Spawning worker 0 for channels: team_mew
2026-09-06 14:58:05,669 [worker-0] INFO: Scraping messages from Telegram channel: team_mew (Attempt 1)
2026-09-06 14:58:08,258 [main] INFO: Completed full cycle. Sleeping for 300 seconds.
2026-09-06 15:02:31,480 [main] INFO: Background commit triggered by scheduled, committing log changes...
2026-09-06 15:02:32,382 [main] INFO: Successfully generated new GitHub App installation token
2026-09-06 15:02:32,391 [main] INFO: Git authentication configured for repository: Telecord-Disgram/NicoleMains-GenshinFeed
2026-09-06 15:02:34,559 [main] INFO: Log files to be committed: Disgram.log
